// Jest Snapshot v1, https://goo.gl/fbAQLP

exports[`test component 1`] = `
<html>
  <head>
    <title>
      Server Side Rendering with ReactJS
    </title>
  </head>
  <body>
    <div
      dangerouslySetInnerHTML={
        Object {
          "__html": "testing bro....",
        }
      }
      id="app"
    />
  </body>
  <script
    src="main.bundle.js"
  />
</html>
`;
